// Jest Snapshot v1, https://goo.gl/fbAQLP

exports[`format error should format validation error 1`] = `[Error: Test error]`;

exports[`format error should ignore not http error 1`] = `[Error: test]`;

exports[`format error should ignore not validation error 1`] = `
HttpErrorResponse {
  "error": Object {
    "type": "AUTH",
  },
  "headers": HttpHeaders {
    "headers": Map {},
    "lazyUpdate": null,
    "normalizedNames": Map {},
  },
  "message": "Http failure response for test: 401 opps",
  "name": "HttpErrorResponse",
  "ok": false,
  "status": 401,
  "statusText": "opps",
  "url": "test",
}
`;
